MPLINK 5.09, LINKER
Linker Map File - Created Fri Sep 23 11:30:40 2022

                                 Section Info
                  Section       Type    Address   Location Size(Bytes)
                ---------  ---------  ---------  ---------  ---------
                 RES_VECT       code   0x000000    program   0x000004
                   .cinit    romdata   0x000004    program   0x000002
                MAIN_PROG       code   0x000006    program   0x00004c
.config_300001_BUILD/DEFAULT/PRODUCTION/NEWPIC_    romdata   0x300001    program   0x000001
.config_300003_BUILD/DEFAULT/PRODUCTION/NEWPIC_    romdata   0x300003    program   0x000001
.config_300006_BUILD/DEFAULT/PRODUCTION/NEWPIC_    romdata   0x300006    program   0x000001
                VARIAVEIS      udata   0x000000       data   0x000002



                              Program Memory Usage 
                               Start         End      
                           ---------   ---------      
                            0x000000    0x000051      
                            0x300001    0x300001      
                            0x300003    0x300003      
                            0x300006    0x300006      
            85 out of 33048 program addresses used, program memory utilization is 0%



                              Symbols - Sorted by Name
                     Name    Address   Location    Storage File                     
                ---------  ---------  ---------  --------- ---------                
                    APAGA   0x00000a    program     static C:\XD\Pooling_Button_Blink_Led_ASM.X\newpic_8b_simple.asm
               ATRASO_2ms   0x000022    program     static C:\XD\Pooling_Button_Blink_Led_ASM.X\newpic_8b_simple.asm
             ATRASO_500ms   0x000042    program     static C:\XD\Pooling_Button_Blink_Led_ASM.X\newpic_8b_simple.asm
                     LOOP   0x00000c    program     static C:\XD\Pooling_Button_Blink_Led_ASM.X\newpic_8b_simple.asm
                  REPETE2   0x000026    program     static C:\XD\Pooling_Button_Blink_Led_ASM.X\newpic_8b_simple.asm
               REPETE_500   0x000046    program     static C:\XD\Pooling_Button_Blink_Led_ASM.X\newpic_8b_simple.asm
                    START   0x000006    program     static C:\XD\Pooling_Button_Blink_Led_ASM.X\newpic_8b_simple.asm
                  CONTA2m   0x000000       data     static C:\XD\Pooling_Button_Blink_Led_ASM.X\newpic_8b_simple.asm
                CONTA500m   0x000001       data     static C:\XD\Pooling_Button_Blink_Led_ASM.X\newpic_8b_simple.asm



                              Symbols - Sorted by Address
                     Name    Address   Location    Storage File                     
                ---------  ---------  ---------  --------- ---------                
                    START   0x000006    program     static C:\XD\Pooling_Button_Blink_Led_ASM.X\newpic_8b_simple.asm
                    APAGA   0x00000a    program     static C:\XD\Pooling_Button_Blink_Led_ASM.X\newpic_8b_simple.asm
                     LOOP   0x00000c    program     static C:\XD\Pooling_Button_Blink_Led_ASM.X\newpic_8b_simple.asm
               ATRASO_2ms   0x000022    program     static C:\XD\Pooling_Button_Blink_Led_ASM.X\newpic_8b_simple.asm
                  REPETE2   0x000026    program     static C:\XD\Pooling_Button_Blink_Led_ASM.X\newpic_8b_simple.asm
             ATRASO_500ms   0x000042    program     static C:\XD\Pooling_Button_Blink_Led_ASM.X\newpic_8b_simple.asm
               REPETE_500   0x000046    program     static C:\XD\Pooling_Button_Blink_Led_ASM.X\newpic_8b_simple.asm
                  CONTA2m   0x000000       data     static C:\XD\Pooling_Button_Blink_Led_ASM.X\newpic_8b_simple.asm
                CONTA500m   0x000001       data     static C:\XD\Pooling_Button_Blink_Led_ASM.X\newpic_8b_simple.asm


