Microchip MPLAB XC8 Compiler V2.10 ()

Linker command line:

-W-3 --edf=C:\Program Files (x86)\Microchip\xc8\v2.10\pic\dat\en_msgs.txt \
  -cs -h+dist/default/production\Exemplo_LCD_C.X.production.sym \
  --cmf=dist/default/production\Exemplo_LCD_C.X.production.cmf -z -Q18F4550 \
  -oC:\Users\LABORA~1\AppData\Local\Temp\s4gk.2 --defsym=__MPLAB_BUILD=1 \
  -Mdist/default/production/Exemplo_LCD_C.X.production.map -E1 -ver=XC8 \
  --acfsm=1493 -ASTACK=060h-07FFh -pstack=STACK -ACODE=00h-07FFFh \
  -ACONST=00h-07FFFh -ASMALLCONST=0800h-08FFhx120 \
  -AMEDIUMCONST=0800h-07FFFh -ACOMRAM=01h-05Fh -AABS1=00h-07FFh \
  -ABIGRAM=01h-07FFh -ARAM=060h-0FFh,0100h-01FFhx7 -ABANK0=060h-0FFh \
  -ABANK1=0100h-01FFh -ABANK2=0200h-02FFh -ABANK3=0300h-03FFh \
  -ABANK4=0400h-04FFh -ABANK5=0500h-05FFh -ABANK6=0600h-06FFh \
  -ABANK7=0700h-07FFh -ASFR=0F60h-0FFFh \
  -preset_vec=00h,intcode,intcodelo,powerup,init -pramtop=0800h \
  -psmallconst=SMALLCONST -pmediumconst=MEDIUMCONST -pconst=CONST \
  -AFARRAM=00h-00h -ACONFIG=0300000h-030000Dh -pconfig=CONFIG \
  -AIDLOC=0200000h-0200007h -pidloc=IDLOC -AEEDATA=0F00000h-0F000FFh \
  -peeprom_data=EEDATA \
  -prdata=COMRAM,nvrram=COMRAM,nvbit=COMRAM,rbss=COMRAM,rbit=COMRAM \
  -pfarbss=FARRAM,fardata=FARRAM,nvFARRAM=FARRAM \
  -pintsave_regs=BIGRAM,bigbss=BIGRAM,bigdata=BIGRAM -pbss=RAM \
  -pidata=CODE,irdata=CODE,ibigdata=CODE,ifardata=CODE -prparam=COMRAM \
  C:\Users\LABORA~1\AppData\Local\Temp\s4gk.o \
  dist/default/production\Exemplo_LCD_C.X.production.o 

Object code version is 3.11

Machine type is 18F4550

Call graph: (short form)




                Name                               Link     Load   Length Selector   Space Scale
C:\Users\LABORA~1\AppData\Local\Temp\s4gk.o
                init                                  4        4        4        0       0
                reset_vec                             0        0        4        0       0
                config                           300000   300000        E   300000       0
dist/default/production\Exemplo_LCD_C.X.production.o
                smallconst                          800      800       14      400       0
                text10                              9C8      9C8       88      40A       0
                text9                               C4A      C4A       24      40A       0
                text8                               C08      C08       42      40A       0
                text7                               A50      A50       82      40A       0
                text6                               C6E      C6E       1A      40A       0
                text5                               AD2      AD2       74      40A       0
                text4                               B46      B46       64      40A       0
                text3                               C88      C88        E      40A       0
                text2                               CA0      CA0        A      40A       0
                text1                               814      814      1B4      40A       0
                text0                               BAA      BAA       5E      40A       0
                cstackCOMRAM                          1        1       1E        1       1
                cinit                               C96      C96        A      40A       0

TOTAL           Name                               Link     Load   Length     Space
        CLASS   STACK          

        CLASS   CODE           
                init                                  4        4        4         0
                reset_vec                             0        0        4         0
                text10                              9C8      9C8       88         0
                text9                               C4A      C4A       24         0
                text8                               C08      C08       42         0
                text7                               A50      A50       82         0
                text6                               C6E      C6E       1A         0
                text5                               AD2      AD2       74         0
                text4                               B46      B46       64         0
                text3                               C88      C88        E         0
                text2                               CA0      CA0        A         0
                text1                               814      814      1B4         0
                text0                               BAA      BAA       5E         0
                cinit                               C96      C96        A         0

        CLASS   CONST          

        CLASS   SMALLCONST     
                smallconst                          800      800       14         0

        CLASS   MEDIUMCONST    

        CLASS   COMRAM         
                cstackCOMRAM                          1        1       1E         1

        CLASS   ABS1           

        CLASS   BIGRAM         

        CLASS   RAM            

        CLASS   BANK0          

        CLASS   BANK1          

        CLASS   BANK2          

        CLASS   BANK3          

        CLASS   BANK4          

        CLASS   BANK5          

        CLASS   BANK6          

        CLASS   BANK7          

        CLASS   SFR            

        CLASS   FARRAM         

        CLASS   CONFIG         
                config                           300000   300000        E         0

        CLASS   IDLOC          

        CLASS   EEDATA         



SEGMENTS        Name                           Load    Length   Top    Selector   Space  Class

                reset_vec                      000000  000008  000008         0       0  CODE    
                cstackCOMRAM                   000001  00001E  00001F         1       1  COMRAM  
                smallconst                     000800  000014  000814       400       0  SMALLCON
                text1                          000814  000496  000CAA       40A       0  CODE    
                config                         300000  00000E  30000E    300000       0  CONFIG  


UNUSED ADDRESS RANGES

        Name                Unused          Largest block    Delta
        BANK0            000060-0000FF               A0
        BANK1            000100-0001FF              100
        BANK2            000200-0002FF              100
        BANK3            000300-0003FF              100
        BANK4            000400-0004FF              100
        BANK5            000500-0005FF              100
        BANK6            000600-0006FF              100
        BANK7            000700-0007FF              100
        BIGRAM           00001F-0007FF              7E1
        CODE             000008-0007FF              7F8
                         000CAA-007FFF             7356
        COMRAM           00001F-00005F               41
        CONST            000008-0007FF              7F8
                         000CAA-007FFF             7356
        EEDATA           F00000-F000FF              100
        IDLOC            200000-200007                8
        MEDIUMCONST      000CAA-007FFF             7356
        RAM              000060-0007FF              100
        SFR              000F60-000FFF               A0
        SMALLCONST       000CAA-007FFF              100
        STACK            000060-0007FF              7A0

                                  Symbol Table

?___lwdiv                  cstackCOMRAM 000001
?___lwmod                  cstackCOMRAM 000008
?_printf                   cstackCOMRAM 00000D
_PORTD                     (abs)        000F83
_PORTDbits                 (abs)        000F83
_TRISD                     (abs)        000F95
__CFG_BOR$ON               (abs)        000000
__CFG_BORV$3               (abs)        000000
__CFG_CCP2MX$ON            (abs)        000000
__CFG_CP0$OFF              (abs)        000000
__CFG_CP1$OFF              (abs)        000000
__CFG_CP2$OFF              (abs)        000000
__CFG_CP3$OFF              (abs)        000000
__CFG_CPB$OFF              (abs)        000000
__CFG_CPD$OFF              (abs)        000000
__CFG_EBTR0$OFF            (abs)        000000
__CFG_EBTR1$OFF            (abs)        000000
__CFG_EBTR2$OFF            (abs)        000000
__CFG_EBTR3$OFF            (abs)        000000
__CFG_EBTRB$OFF            (abs)        000000
__CFG_FCMEN$OFF            (abs)        000000
__CFG_FOSC$XT_XT           (abs)        000000
__CFG_ICPRT$OFF            (abs)        000000
__CFG_IESO$OFF             (abs)        000000
__CFG_LPT1OSC$OFF          (abs)        000000
__CFG_LVP$OFF              (abs)        000000
__CFG_MCLRE$ON             (abs)        000000
__CFG_PBADEN$OFF           (abs)        000000
__CFG_PWRT$OFF             (abs)        000000
__CFG_STVREN$ON            (abs)        000000
__CFG_VREGEN$OFF           (abs)        000000
__CFG_WDT$OFF              (abs)        000000
__CFG_WDTPS$32768          (abs)        000000
__CFG_WRT0$OFF             (abs)        000000
__CFG_WRT1$OFF             (abs)        000000
__CFG_WRT2$OFF             (abs)        000000
__CFG_WRT3$OFF             (abs)        000000
__CFG_WRTB$OFF             (abs)        000000
__CFG_WRTC$OFF             (abs)        000000
__CFG_WRTD$OFF             (abs)        000000
__CFG_XINST$OFF            (abs)        000000
__HRAM                     (abs)        000000
__Habs1                    abs1         000000
__Hbank0                   bank0        000000
__Hbank1                   bank1        000000
__Hbank2                   bank2        000000
__Hbank3                   bank3        000000
__Hbank4                   bank4        000000
__Hbank5                   bank5        000000
__Hbank6                   bank6        000000
__Hbank7                   bank7        000000
__Hbigbss                  bigbss       000000
__Hbigdata                 bigdata      000000
__Hbigram                  bigram       000000
__Hbss                     bss          000000
__Hcinit                   cinit        000000
__Hclrtext                 clrtext      000000
__Hcomram                  comram       000000
__Hconfig                  config       30000E
__Hconst                   const        000000
__HcstackCOMRAM            cstackCOMRAM 000000
__Hdata                    data         000000
__Heeprom_data             eeprom_data  000000
__Hfarbss                  farbss       000000
__Hfardata                 fardata      000000
__Hibigdata                ibigdata     000000
__Hidata                   idata        000000
__Hidloc                   idloc        000000
__Hifardata                ifardata     000000
__Hinit                    init         000008
__Hintcode                 intcode      000004
__Hintcode_body            intcode_body 000000
__Hintcodelo               intcodelo    000004
__Hintentry                intentry     000000
__Hintret                  intret       000000
__Hintsave_regs            intsave_regs 000000
__Hirdata                  irdata       000000
__Hmediumconst             mediumconst  000000
__HnvFARRAM                nvFARRAM     000000
__Hnvbit                   nvbit        000000
__Hnvrram                  nvrram       000000
__Hparam                   rparam       000000
__Hpowerup                 powerup      000004
__Hram                     ram          000000
__Hramtop                  ramtop       000800
__Hrbit                    rbit         000000
__Hrbss                    rbss         000000
__Hrdata                   rdata        000000
__Hreset_vec               reset_vec    000004
__Hrparam                  rparam       000000
__Hsfr                     sfr          000000
__Hsmallconst              smallconst   000814
__Hspace_0                 (abs)        30000E
__Hspace_1                 (abs)        00001F
__Hspace_2                 (abs)        000000
__Hstack                   stack        000000
__Hstruct                  struct       000000
__Htemp                    temp         000000
__Htext                    text         000000
__Htext0                   text0        000000
__Htext1                   text1        000000
__Htext10                  text10       000000
__Htext2                   text2        000000
__Htext3                   text3        000000
__Htext4                   text4        000000
__Htext5                   text5        000000
__Htext6                   text6        000000
__Htext7                   text7        000000
__Htext8                   text8        000000
__Htext9                   text9        000000
__LRAM                     (abs)        000001
__Labs1                    abs1         000000
__Lbank0                   bank0        000000
__Lbank1                   bank1        000000
__Lbank2                   bank2        000000
__Lbank3                   bank3        000000
__Lbank4                   bank4        000000
__Lbank5                   bank5        000000
__Lbank6                   bank6        000000
__Lbank7                   bank7        000000
__Lbigbss                  bigbss       000000
__Lbigdata                 bigdata      000000
__Lbigram                  bigram       000000
__Lbss                     bss          000000
__Lcinit                   cinit        000000
__Lclrtext                 clrtext      000000
__Lcomram                  comram       000000
__Lconfig                  config       300000
__Lconst                   const        000000
__LcstackCOMRAM            cstackCOMRAM 000000
__Ldata                    data         000000
__Leeprom_data             eeprom_data  000000
__Lfarbss                  farbss       000000
__Lfardata                 fardata      000000
__Libigdata                ibigdata     000000
__Lidata                   idata        000000
__Lidloc                   idloc        000000
__Lifardata                ifardata     000000
__Linit                    init         000004
__Lintcode                 intcode      000004
__Lintcode_body            intcode_body 000000
__Lintcodelo               intcodelo    000004
__Lintentry                intentry     000000
__Lintret                  intret       000000
__Lintsave_regs            intsave_regs 000000
__Lirdata                  irdata       000000
__Lmediumconst             mediumconst  000000
__LnvFARRAM                nvFARRAM     000000
__Lnvbit                   nvbit        000000
__Lnvrram                  nvrram       000000
__Lparam                   rparam       000000
__Lpowerup                 powerup      000004
__Lram                     ram          000000
__Lramtop                  ramtop       000800
__Lrbit                    rbit         000000
__Lrbss                    rbss         000000
__Lrdata                   rdata        000000
__Lreset_vec               reset_vec    000000
__Lrparam                  rparam       000000
__Lsfr                     sfr          000000
__Lsmallconst              smallconst   000800
__Lspace_0                 (abs)        000000
__Lspace_1                 (abs)        000000
__Lspace_2                 (abs)        000000
__Lstack                   stack        000000
__Lstruct                  struct       000000
__Ltemp                    temp         000000
__Ltext                    text         000000
__Ltext0                   text0        000000
__Ltext1                   text1        000000
__Ltext10                  text10       000000
__Ltext2                   text2        000000
__Ltext3                   text3        000000
__Ltext4                   text4        000000
__Ltext5                   text5        000000
__Ltext6                   text6        000000
__Ltext7                   text7        000000
__Ltext8                   text8        000000
__Ltext9                   text9        000000
__S0                       (abs)        30000E
__S1                       (abs)        00001F
__S2                       (abs)        000000
___inthi_sp                stack        000000
___intlo_sp                stack        000000
___lwdiv                   text5        000AD2
___lwdiv@counter           cstackCOMRAM 000007
___lwdiv@dividend          cstackCOMRAM 000001
___lwdiv@divisor           cstackCOMRAM 000003
___lwdiv@quotient          cstackCOMRAM 000005
___lwmod                   text4        000B46
___lwmod@counter           cstackCOMRAM 00000C
___lwmod@dividend          cstackCOMRAM 000008
___lwmod@divisor           cstackCOMRAM 00000A
___param_bank              (abs)        000000
___rparam_used             (abs)        000001
___sp                      stack        000000
__accesstop                (abs)        000060
__activetblptr             (abs)        000002
__end_of___lwdiv           text5        000B46
__end_of___lwmod           text4        000BAA
__end_of__initialization   cinit        000C96
__end_of_caracter_inicio   text8        000C4A
__end_of_dpowers           smallconst   00080B
__end_of_envia_byte_lcd    text9        000C6E
__end_of_envia_nibble_lcd  text10       000A50
__end_of_escreve_lcd       text3        000C96
__end_of_inicializa_lcd    text7        000AD2
__end_of_limpa_lcd         text6        000C88
__end_of_main              text0        000C08
__end_of_printf            text1        0009C8
__end_of_putch             text2        000CAA
__initialization           cinit        000C96
__mediumconst              mediumconst  000000
__pcinit                   cinit        000C96
__pcstackCOMRAM            cstackCOMRAM 000001
__psmallconst              smallconst   000800
__ptext0                   text0        000BAA
__ptext1                   text1        000814
__ptext10                  text10       0009C8
__ptext2                   text2        000CA0
__ptext3                   text3        000C88
__ptext4                   text4        000B46
__ptext5                   text5        000AD2
__ptext6                   text6        000C6E
__ptext7                   text7        000A50
__ptext8                   text8        000C08
__ptext9                   text9        000C4A
__ramtop                   ramtop       000800
__size_of___lwdiv          (abs)        000000
__size_of___lwmod          (abs)        000000
__size_of_caracter_inicio  (abs)        000000
__size_of_envia_byte_lcd   (abs)        000000
__size_of_envia_nibble_lcd (abs)        000000
__size_of_escreve_lcd      (abs)        000000
__size_of_inicializa_lcd   (abs)        000000
__size_of_limpa_lcd        (abs)        000000
__size_of_main             (abs)        000000
__size_of_printf           (abs)        000000
__size_of_putch            (abs)        000000
__smallconst               smallconst   000800
_caracter_inicio           text8        000C08
_dpowers                   smallconst   000801
_envia_byte_lcd            text9        000C4A
_envia_nibble_lcd          text10       0009C8
_escreve_lcd               text3        000C88
_inicializa_lcd            text7        000A50
_limpa_lcd                 text6        000C6E
_main                      text0        000BAA
_printf                    text1        000814
_putch                     text2        000CA0
caracter_inicio@coluna     cstackCOMRAM 000005
caracter_inicio@linha      cstackCOMRAM 000006
caracter_inicio@posicao    cstackCOMRAM 000007
end_of_initialization      cinit        000C96
envia_byte_lcd@dado        cstackCOMRAM 000003
envia_byte_lcd@endereco    cstackCOMRAM 000004
envia_nibble_lcd@dado      cstackCOMRAM 000002
escreve_lcd@c              cstackCOMRAM 000005
intlevel0                  text         000000
intlevel1                  text         000000
intlevel2                  text         000000
intlevel3                  text         000000
main@value                 cstackCOMRAM 00001D
printf@ap                  cstackCOMRAM 000017
printf@c                   cstackCOMRAM 00001B
printf@f                   cstackCOMRAM 00000D
printf@flag                cstackCOMRAM 000015
printf@prec                cstackCOMRAM 000016
printf@val                 cstackCOMRAM 000019
putch@data                 cstackCOMRAM 000006
stackhi                    (abs)        0007FF
stacklo                    (abs)        000060
start                      init         000004
start_initialization       cinit        000C96


FUNCTION INFORMATION:

 *************** function _main *****************
 Defined at:
		line 67 in file "main.c"
 Parameters:    Size  Location     Type
		None
 Auto vars:     Size  Location     Type
  value           2   28[COMRAM] int 
 Return value:  Size  Location     Type
                  1    wreg      void 
 Registers used:
		wreg, fsr2l, fsr2h, status,2, status,0, tblptrl, tblptrh, tblptru, prodl, prodh, cstack
 Tracked objects:
		On entry : 
		On exit  : 
		Unchanged: 
 Data sizes:     COMRAM   BANK0   BANK1   BANK2   BANK3   BANK4   BANK5   BANK6   BANK7
      Params:         0       0       0       0       0       0       0       0       0
      Locals:         2       0       0       0       0       0       0       0       0
      Temps:          1       0       0       0       0       0       0       0       0
      Totals:         3       0       0       0       0       0       0       0       0
Total ram usage:        3 bytes
 Hardware stack levels required when called:    5
 This function calls:
		_caracter_inicio
		_inicializa_lcd
		_limpa_lcd
		_printf
 This function is called by:
		Startup code after reset
 This function uses a non-reentrant model


 *************** function _printf *****************
 Defined at:
		line 477 in file "C:\Program Files (x86)\Microchip\xc8\v2.10\pic\sources\c90\common\doprnt.c"
 Parameters:    Size  Location     Type
  f               2   12[COMRAM] PTR const unsigned char 
		 -> STR_1(8), 
 Auto vars:     Size  Location     Type
  tmpval          4    0        struct .
  cp              3    0        PTR const unsigned char 
  val             2   24[COMRAM] unsigned int 
  ap              2   22[COMRAM] PTR void [1]
		 -> ?_printf(2), 
  len             2    0        unsigned int 
  c               1   26[COMRAM] unsigned char 
  prec            1   21[COMRAM] char 
  flag            1   20[COMRAM] unsigned char 
 Return value:  Size  Location     Type
                  2   12[COMRAM] int 
 Registers used:
		wreg, fsr2l, fsr2h, status,2, status,0, tblptrl, tblptrh, tblptru, prodl, prodh, cstack
 Tracked objects:
		On entry : 
		On exit  : 
		Unchanged: 
 Data sizes:     COMRAM   BANK0   BANK1   BANK2   BANK3   BANK4   BANK5   BANK6   BANK7
      Params:         6       0       0       0       0       0       0       0       0
      Locals:         7       0       0       0       0       0       0       0       0
      Temps:          2       0       0       0       0       0       0       0       0
      Totals:        15       0       0       0       0       0       0       0       0
Total ram usage:       15 bytes
 Hardware stack levels used:    1
 Hardware stack levels required when called:    4
 This function calls:
		___lwdiv
		___lwmod
		_putch
 This function is called by:
		_main
 This function uses a non-reentrant model


 *************** function _putch *****************
 Defined at:
		line 63 in file "main.c"
 Parameters:    Size  Location     Type
  data            1    wreg     unsigned char 
 Auto vars:     Size  Location     Type
  data            1    5[COMRAM] unsigned char 
 Return value:  Size  Location     Type
                  1    wreg      void 
 Registers used:
		wreg, status,2, status,0, cstack
 Tracked objects:
		On entry : 
		On exit  : 
		Unchanged: 
 Data sizes:     COMRAM   BANK0   BANK1   BANK2   BANK3   BANK4   BANK5   BANK6   BANK7
      Params:         0       0       0       0       0       0       0       0       0
      Locals:         1       0       0       0       0       0       0       0       0
      Temps:          0       0       0       0       0       0       0       0       0
      Totals:         1       0       0       0       0       0       0       0       0
Total ram usage:        1 bytes
 Hardware stack levels used:    1
 Hardware stack levels required when called:    3
 This function calls:
		_escreve_lcd
 This function is called by:
		_printf
 This function uses a non-reentrant model


 *************** function _escreve_lcd *****************
 Defined at:
		line 33 in file "lcd.c"
 Parameters:    Size  Location     Type
  c               1    wreg     unsigned char 
 Auto vars:     Size  Location     Type
  c               1    4[COMRAM] unsigned char 
 Return value:  Size  Location     Type
                  1    wreg      void 
 Registers used:
		wreg, status,2, status,0, cstack
 Tracked objects:
		On entry : 
		On exit  : 
		Unchanged: 
 Data sizes:     COMRAM   BANK0   BANK1   BANK2   BANK3   BANK4   BANK5   BANK6   BANK7
      Params:         0       0       0       0       0       0       0       0       0
      Locals:         1       0       0       0       0       0       0       0       0
      Temps:          0       0       0       0       0       0       0       0       0
      Totals:         1       0       0       0       0       0       0       0       0
Total ram usage:        1 bytes
 Hardware stack levels used:    1
 Hardware stack levels required when called:    2
 This function calls:
		_envia_byte_lcd
 This function is called by:
		_putch
 This function uses a non-reentrant model


 *************** function ___lwmod *****************
 Defined at:
		line 7 in file "C:\Program Files (x86)\Microchip\xc8\v2.10\pic\sources\c90\common\lwmod.c"
 Parameters:    Size  Location     Type
  dividend        2    7[COMRAM] unsigned int 
  divisor         2    9[COMRAM] unsigned int 
 Auto vars:     Size  Location     Type
  counter         1   11[COMRAM] unsigned char 
 Return value:  Size  Location     Type
                  2    7[COMRAM] unsigned int 
 Registers used:
		wreg, status,2, status,0
 Tracked objects:
		On entry : 
		On exit  : 
		Unchanged: 
 Data sizes:     COMRAM   BANK0   BANK1   BANK2   BANK3   BANK4   BANK5   BANK6   BANK7
      Params:         4       0       0       0       0       0       0       0       0
      Locals:         1       0       0       0       0       0       0       0       0
      Temps:          0       0       0       0       0       0       0       0       0
      Totals:         5       0       0       0       0       0       0       0       0
Total ram usage:        5 bytes
 Hardware stack levels used:    1
 This function calls:
		Nothing
 This function is called by:
		_printf
 This function uses a non-reentrant model


 *************** function ___lwdiv *****************
 Defined at:
		line 7 in file "C:\Program Files (x86)\Microchip\xc8\v2.10\pic\sources\c90\common\lwdiv.c"
 Parameters:    Size  Location     Type
  dividend        2    0[COMRAM] unsigned int 
  divisor         2    2[COMRAM] unsigned int 
 Auto vars:     Size  Location     Type
  quotient        2    4[COMRAM] unsigned int 
  counter         1    6[COMRAM] unsigned char 
 Return value:  Size  Location     Type
                  2    0[COMRAM] unsigned int 
 Registers used:
		wreg, status,2, status,0
 Tracked objects:
		On entry : 
		On exit  : 
		Unchanged: 
 Data sizes:     COMRAM   BANK0   BANK1   BANK2   BANK3   BANK4   BANK5   BANK6   BANK7
      Params:         4       0       0       0       0       0       0       0       0
      Locals:         3       0       0       0       0       0       0       0       0
      Temps:          0       0       0       0       0       0       0       0       0
      Totals:         7       0       0       0       0       0       0       0       0
Total ram usage:        7 bytes
 Hardware stack levels used:    1
 This function calls:
		Nothing
 This function is called by:
		_printf
 This function uses a non-reentrant model


 *************** function _limpa_lcd *****************
 Defined at:
		line 36 in file "lcd.c"
 Parameters:    Size  Location     Type
		None
 Auto vars:     Size  Location     Type
		None
 Return value:  Size  Location     Type
                  1    wreg      void 
 Registers used:
		wreg, status,2, status,0, cstack
 Tracked objects:
		On entry : 
		On exit  : 
		Unchanged: 
 Data sizes:     COMRAM   BANK0   BANK1   BANK2   BANK3   BANK4   BANK5   BANK6   BANK7
      Params:         0       0       0       0       0       0       0       0       0
      Locals:         0       0       0       0       0       0       0       0       0
      Temps:          1       0       0       0       0       0       0       0       0
      Totals:         1       0       0       0       0       0       0       0       0
Total ram usage:        1 bytes
 Hardware stack levels used:    1
 Hardware stack levels required when called:    2
 This function calls:
		_envia_byte_lcd
 This function is called by:
		_main
 This function uses a non-reentrant model


 *************** function _inicializa_lcd *****************
 Defined at:
		line 43 in file "lcd.c"
 Parameters:    Size  Location     Type
		None
 Auto vars:     Size  Location     Type
		None
 Return value:  Size  Location     Type
                  1    wreg      void 
 Registers used:
		wreg, status,2, status,0, cstack
 Tracked objects:
		On entry : 
		On exit  : 
		Unchanged: 
 Data sizes:     COMRAM   BANK0   BANK1   BANK2   BANK3   BANK4   BANK5   BANK6   BANK7
      Params:         0       0       0       0       0       0       0       0       0
      Locals:         0       0       0       0       0       0       0       0       0
      Temps:          1       0       0       0       0       0       0       0       0
      Totals:         1       0       0       0       0       0       0       0       0
Total ram usage:        1 bytes
 Hardware stack levels used:    1
 Hardware stack levels required when called:    2
 This function calls:
		_envia_byte_lcd
		_envia_nibble_lcd
 This function is called by:
		_main
 This function uses a non-reentrant model


 *************** function _caracter_inicio *****************
 Defined at:
		line 73 in file "lcd.c"
 Parameters:    Size  Location     Type
  linha           1    wreg     unsigned char 
  coluna          1    4[COMRAM] unsigned char 
 Auto vars:     Size  Location     Type
  linha           1    5[COMRAM] unsigned char 
  posicao         1    6[COMRAM] unsigned char 
 Return value:  Size  Location     Type
                  1    wreg      void 
 Registers used:
		wreg, status,2, status,0, cstack
 Tracked objects:
		On entry : 
		On exit  : 
		Unchanged: 
 Data sizes:     COMRAM   BANK0   BANK1   BANK2   BANK3   BANK4   BANK5   BANK6   BANK7
      Params:         1       0       0       0       0       0       0       0       0
      Locals:         2       0       0       0       0       0       0       0       0
      Temps:          0       0       0       0       0       0       0       0       0
      Totals:         3       0       0       0       0       0       0       0       0
Total ram usage:        3 bytes
 Hardware stack levels used:    1
 Hardware stack levels required when called:    2
 This function calls:
		_envia_byte_lcd
 This function is called by:
		_main
 This function uses a non-reentrant model


 *************** function _envia_byte_lcd *****************
 Defined at:
		line 22 in file "lcd.c"
 Parameters:    Size  Location     Type
  endereco        1    wreg     unsigned char 
  dado            1    2[COMRAM] unsigned char 
 Auto vars:     Size  Location     Type
  endereco        1    3[COMRAM] unsigned char 
 Return value:  Size  Location     Type
                  1    wreg      void 
 Registers used:
		wreg, status,2, status,0, cstack
 Tracked objects:
		On entry : 
		On exit  : 
		Unchanged: 
 Data sizes:     COMRAM   BANK0   BANK1   BANK2   BANK3   BANK4   BANK5   BANK6   BANK7
      Params:         1       0       0       0       0       0       0       0       0
      Locals:         1       0       0       0       0       0       0       0       0
      Temps:          0       0       0       0       0       0       0       0       0
      Totals:         2       0       0       0       0       0       0       0       0
Total ram usage:        2 bytes
 Hardware stack levels used:    1
 Hardware stack levels required when called:    1
 This function calls:
		_envia_nibble_lcd
 This function is called by:
		_escreve_lcd
		_limpa_lcd
		_inicializa_lcd
		_caracter_inicio
 This function uses a non-reentrant model


 *************** function _envia_nibble_lcd *****************
 Defined at:
		line 4 in file "lcd.c"
 Parameters:    Size  Location     Type
  dado            1    wreg     unsigned char 
 Auto vars:     Size  Location     Type
  dado            1    1[COMRAM] unsigned char 
 Return value:  Size  Location     Type
                  1    wreg      void 
 Registers used:
		wreg, status,2, status,0
 Tracked objects:
		On entry : 
		On exit  : 
		Unchanged: 
 Data sizes:     COMRAM   BANK0   BANK1   BANK2   BANK3   BANK4   BANK5   BANK6   BANK7
      Params:         0       0       0       0       0       0       0       0       0
      Locals:         1       0       0       0       0       0       0       0       0
      Temps:          1       0       0       0       0       0       0       0       0
      Totals:         2       0       0       0       0       0       0       0       0
Total ram usage:        2 bytes
 Hardware stack levels used:    1
 This function calls:
		Nothing
 This function is called by:
		_envia_byte_lcd
		_inicializa_lcd
 This function uses a non-reentrant model



MODULE INFORMATION

Module		Function		Class		Link	Load	Size
C:\Program Files (x86)\Microchip\xc8\v2.10\pic\sources\c90\common\lwdiv.c
		___lwdiv       		CODE           	0AD2	0000	117

C:\Program Files (x86)\Microchip\xc8\v2.10\pic\sources\c90\common\lwdiv.c estimated size: 117

shared
		_dpowers       		SMALLCONST     	0801	0000	11
		__initialization		CODE           	0C96	0000	1

shared estimated size: 12

C:\Program Files (x86)\Microchip\xc8\v2.10\pic\sources\c90\common\lwmod.c
		___lwmod       		CODE           	0B46	0000	101

C:\Program Files (x86)\Microchip\xc8\v2.10\pic\sources\c90\common\lwmod.c estimated size: 101

lcd.c
		_escreve_lcd   		CODE           	0C88	0000	15
		_caracter_inicio		CODE           	0C08	0000	67
		_limpa_lcd     		CODE           	0C6E	0000	27
		_inicializa_lcd		CODE           	0A50	0000	131
		_envia_byte_lcd		CODE           	0C4A	0000	37
		_envia_nibble_lcd		CODE           	09C8	0000	137

lcd.c estimated size: 414

C:\Program Files (x86)\Microchip\xc8\v2.10\pic\sources\c90\common\doprnt.c
		_printf        		CODE           	0814	0000	437

C:\Program Files (x86)\Microchip\xc8\v2.10\pic\sources\c90\common\doprnt.c estimated size: 437

main.c
		_putch         		CODE           	0CA0	0000	11
		_main          		CODE           	0BAA	0000	95

main.c estimated size: 106

