MPLINK 5.09, LINKER
Linker Map File - Created Sun May 29 02:47:07 2022

                                 Section Info
                  Section       Type    Address   Location Size(Bytes)
                ---------  ---------  ---------  ---------  ---------
                 RES_VECT       code   0x000000    program   0x000004
                   .cinit    romdata   0x000004    program   0x000002
                MAIN_PROG       code   0x000006    program   0x00005c
.config_300001_BUILD/DEFAULT/PRODUCTION/MAIN.O    romdata   0x300001    program   0x000001
.config_300003_BUILD/DEFAULT/PRODUCTION/MAIN.O    romdata   0x300003    program   0x000001
.config_300006_BUILD/DEFAULT/PRODUCTION/MAIN.O    romdata   0x300006    program   0x000001
                VARIAVEIS      udata   0x000000       data   0x000003



                              Program Memory Usage 
                               Start         End      
                           ---------   ---------      
                            0x000000    0x000061      
                            0x300001    0x300001      
                            0x300003    0x300003      
                            0x300006    0x300006      
            101 out of 33048 program addresses used, program memory utilization is 0%



                              Symbols - Sorted by Name
                     Name    Address   Location    Storage File                     
                ---------  ---------  ---------  --------- ---------                
               DECREMENTO   0x000030    program     static C:\Users\shmue\OneDrive\햞ea de Trabalho\Trabalho.01.X\main.asm
                 DELAY1MS   0x00004e    program     static C:\Users\shmue\OneDrive\햞ea de Trabalho\Trabalho.01.X\main.asm
                  DELAY1S   0x00003a    program     static C:\Users\shmue\OneDrive\햞ea de Trabalho\Trabalho.01.X\main.asm
               INCREMENTO   0x000026    program     static C:\Users\shmue\OneDrive\햞ea de Trabalho\Trabalho.01.X\main.asm
            LOOP_DELAY1MS   0x000052    program     static C:\Users\shmue\OneDrive\햞ea de Trabalho\Trabalho.01.X\main.asm
             LOOP_DELAY1S   0x00003e    program     static C:\Users\shmue\OneDrive\햞ea de Trabalho\Trabalho.01.X\main.asm
                PRINCIPAL   0x000012    program     static C:\Users\shmue\OneDrive\햞ea de Trabalho\Trabalho.01.X\main.asm
                    START   0x000006    program     static C:\Users\shmue\OneDrive\햞ea de Trabalho\Trabalho.01.X\main.asm
                     ATR1   0x000001       data     static C:\Users\shmue\OneDrive\햞ea de Trabalho\Trabalho.01.X\main.asm
                     ATR2   0x000002       data     static C:\Users\shmue\OneDrive\햞ea de Trabalho\Trabalho.01.X\main.asm
                     CONT   0x000000       data     static C:\Users\shmue\OneDrive\햞ea de Trabalho\Trabalho.01.X\main.asm



                              Symbols - Sorted by Address
                     Name    Address   Location    Storage File                     
                ---------  ---------  ---------  --------- ---------                
                    START   0x000006    program     static C:\Users\shmue\OneDrive\햞ea de Trabalho\Trabalho.01.X\main.asm
                PRINCIPAL   0x000012    program     static C:\Users\shmue\OneDrive\햞ea de Trabalho\Trabalho.01.X\main.asm
               INCREMENTO   0x000026    program     static C:\Users\shmue\OneDrive\햞ea de Trabalho\Trabalho.01.X\main.asm
               DECREMENTO   0x000030    program     static C:\Users\shmue\OneDrive\햞ea de Trabalho\Trabalho.01.X\main.asm
                  DELAY1S   0x00003a    program     static C:\Users\shmue\OneDrive\햞ea de Trabalho\Trabalho.01.X\main.asm
             LOOP_DELAY1S   0x00003e    program     static C:\Users\shmue\OneDrive\햞ea de Trabalho\Trabalho.01.X\main.asm
                 DELAY1MS   0x00004e    program     static C:\Users\shmue\OneDrive\햞ea de Trabalho\Trabalho.01.X\main.asm
            LOOP_DELAY1MS   0x000052    program     static C:\Users\shmue\OneDrive\햞ea de Trabalho\Trabalho.01.X\main.asm
                     CONT   0x000000       data     static C:\Users\shmue\OneDrive\햞ea de Trabalho\Trabalho.01.X\main.asm
                     ATR1   0x000001       data     static C:\Users\shmue\OneDrive\햞ea de Trabalho\Trabalho.01.X\main.asm
                     ATR2   0x000002       data     static C:\Users\shmue\OneDrive\햞ea de Trabalho\Trabalho.01.X\main.asm


