MPLINK 5.09, LINKER
Linker Map File - Created Fri Oct 14 09:33:08 2022

                                 Section Info
                  Section       Type    Address   Location Size(Bytes)
                ---------  ---------  ---------  ---------  ---------
                 RES_VECT       code   0x000000    program   0x000004
                   .cinit    romdata   0x000004    program   0x000002
            INT_HIGH_VECT       code   0x000008    program   0x000004
                MAIN_PROG       code   0x00000c    program   0x000076
.config_300001_BUILD/DEFAULT/PRODUCTION/MAIN.O    romdata   0x300001    program   0x000001
.config_300003_BUILD/DEFAULT/PRODUCTION/MAIN.O    romdata   0x300003    program   0x000001
.config_300005_BUILD/DEFAULT/PRODUCTION/MAIN.O    romdata   0x300005    program   0x000001
                 AUX_VARS      udata   0x000000       data   0x000004



                              Program Memory Usage 
                               Start         End      
                           ---------   ---------      
                            0x000000    0x000005      
                            0x000008    0x000081      
                            0x300001    0x300001      
                            0x300003    0x300003      
                            0x300005    0x300005      
            131 out of 33048 program addresses used, program memory utilization is 0%



                              Symbols - Sorted by Name
                     Name    Address   Location    Storage File                     
                ---------  ---------  ---------  --------- ---------                
                   ATRASO   0x00004a    program     static C:\XD\display_button_int0_asm.X\main.asm
                ATRASO_1s   0x000034    program     static C:\XD\display_button_int0_asm.X\main.asm
           ATUALIZA_PORTD   0x000070    program     static C:\XD\display_button_int0_asm.X\main.asm
                    CONTA   0x00005c    program     static C:\XD\display_button_int0_asm.X\main.asm
                  INT_IRQ   0x000078    program     static C:\XD\display_button_int0_asm.X\main.asm
                       L1   0x000038    program     static C:\XD\display_button_int0_asm.X\main.asm
                    LOOP2   0x00004e    program     static C:\XD\display_button_int0_asm.X\main.asm
                   REPETE   0x000022    program     static C:\XD\display_button_int0_asm.X\main.asm
                    START   0x00000c    program     static C:\XD\display_button_int0_asm.X\main.asm
                    DISP1   0x000002       data     static C:\XD\display_button_int0_asm.X\main.asm
                    DISP2   0x000003       data     static C:\XD\display_button_int0_asm.X\main.asm
                    TEMP1   0x000000       data     static C:\XD\display_button_int0_asm.X\main.asm
                    TEMP2   0x000001       data     static C:\XD\display_button_int0_asm.X\main.asm



                              Symbols - Sorted by Address
                     Name    Address   Location    Storage File                     
                ---------  ---------  ---------  --------- ---------                
                    START   0x00000c    program     static C:\XD\display_button_int0_asm.X\main.asm
                   REPETE   0x000022    program     static C:\XD\display_button_int0_asm.X\main.asm
                ATRASO_1s   0x000034    program     static C:\XD\display_button_int0_asm.X\main.asm
                       L1   0x000038    program     static C:\XD\display_button_int0_asm.X\main.asm
                   ATRASO   0x00004a    program     static C:\XD\display_button_int0_asm.X\main.asm
                    LOOP2   0x00004e    program     static C:\XD\display_button_int0_asm.X\main.asm
                    CONTA   0x00005c    program     static C:\XD\display_button_int0_asm.X\main.asm
           ATUALIZA_PORTD   0x000070    program     static C:\XD\display_button_int0_asm.X\main.asm
                  INT_IRQ   0x000078    program     static C:\XD\display_button_int0_asm.X\main.asm
                    TEMP1   0x000000       data     static C:\XD\display_button_int0_asm.X\main.asm
                    TEMP2   0x000001       data     static C:\XD\display_button_int0_asm.X\main.asm
                    DISP1   0x000002       data     static C:\XD\display_button_int0_asm.X\main.asm
                    DISP2   0x000003       data     static C:\XD\display_button_int0_asm.X\main.asm


