Microchip MPLAB XC8 Compiler V2.40

Linker command line:

-W-3 --edf=P:\Microchip\pic\dat\20220703182018_en.msgs -cn \
  -h+dist/default/production\Exemplo_LCD_C.X.production.sym \
  --cmf=dist/default/production\Exemplo_LCD_C.X.production.cmf -z -Q18F4550 \
  -oC:\Users\klayv\AppData\Local\Temp\xcAs7k8.4 --defsym=__MPLAB_BUILD=1 \
  --fixupoverflow=error \
  -Mdist/default/production/Exemplo_LCD_C.X.production.map \
  --md=C:\Users\klayv\AppData\Local\Temp\xcAs7k8.dat -E1 -ver=XC8 Compiler \
  --acfsm=1493 -ACODE=00h-07FFFh -ACONST=00h-07FFFh \
  -ASMALLCONST=0800h-08FFhx120 -AMEDIUMCONST=0800h-07FFFh -ACOMRAM=01h-05Fh \
  -AABS1=00h-07FFh -ABIGRAM=01h-07FFh -ARAM=060h-0FFh,0100h-01FFhx7 \
  -ABANK0=060h-0FFh -ABANK1=0100h-01FFh -ABANK2=0200h-02FFh \
  -ABANK3=0300h-03FFh -ABANK4=0400h-04FFh -ABANK5=0500h-05FFh \
  -ABANK6=0600h-06FFh -ABANK7=0700h-07FFh -ASFR=0F60h-0FFFh \
  -ABIGSFR=0F60h-0FFFh -ACONFIG=0300000h-030000Dh -AIDLOC=0200000h-0200007h \
  -AEEDATA=0F00000h-0F000FFh -peeprom_data=EEDATA \
  -preset_vec=00h,intcode,intcodelo,powerup,init -pramtop=0800h \
  -psmallconst=SMALLCONST -pmediumconst=MEDIUMCONST -pconst=CONST \
  -AFARRAM=00h-00h \
  -prdata=COMRAM,nvrram=COMRAM,nvbit=COMRAM,rbss=COMRAM,rbit=COMRAM \
  -pfarbss=FARRAM,fardata=FARRAM,nvFARRAM=FARRAM \
  -pintsave_regs=BIGRAM,bigbss=BIGRAM,bigdata=BIGRAM -pbss=RAM \
  -pidata=CODE,irdata=CODE,ibigdata=CODE,ifardata=CODE -prparam=COMRAM \
  C:\Users\klayv\AppData\Local\Temp\xcAs7k8.o \
  dist/default/production\Exemplo_LCD_C.X.production.o 

Object code version is 3.11

Machine type is 18F4550



                Name                               Link     Load   Length Selector   Space Scale
C:\Users\klayv\AppData\Local\Temp\xcAs7k8.o
                config                           300000   300000        E        0       4
                init                                  4        4        4        0       0
                reset_vec                             0        0        4        0       0
dist/default/production\Exemplo_LCD_C.X.production.o
                config                           300000   300000        E        0       4
                smallconst                          800      800       7A      400       0
                text10                              E04      E04       88      43D       0
                text9                               F50      F50       24      43D       0
                text8                               F0E      F0E       42      43D       0
                text7                               E8C      E8C       82      43D       0
                text6                               F74      F74       1A      43D       0
                text5                               CD8      CD8       A4      43D       0
                text4                               D7C      D7C       88      43D       0
                text3                               F8E      F8E        E      43D       0
                text2                               FA6      FA6        A      43D       0
                text1                               AB2      AB2      226      43D       0
                text0                               87A      87A      238      43D       0
                cstackCOMRAM                          1        1       3C        1       1
                cinit                               F9C      F9C        A      43D       0

TOTAL           Name                               Link     Load   Length     Space
        CLASS   CODE           
                init                                  4        4        4         0
                reset_vec                             0        0        4         0
                text10                              E04      E04       88         0
                text9                               F50      F50       24         0
                text8                               F0E      F0E       42         0
                text7                               E8C      E8C       82         0
                text6                               F74      F74       1A         0
                text5                               CD8      CD8       A4         0
                text4                               D7C      D7C       88         0
                text3                               F8E      F8E        E         0
                text2                               FA6      FA6        A         0
                text1                               AB2      AB2      226         0
                text0                               87A      87A      238         0
                cinit                               F9C      F9C        A         0

        CLASS   CONST          

        CLASS   SMALLCONST     
                smallconst                          800      800       7A         0

        CLASS   MEDIUMCONST    

        CLASS   COMRAM         
                cstackCOMRAM                          1        1       3C         1

        CLASS   ABS1           

        CLASS   BIGRAM         

        CLASS   RAM            

        CLASS   BANK0          

        CLASS   BANK1          

        CLASS   BANK2          

        CLASS   BANK3          

        CLASS   BANK4          

        CLASS   BANK5          

        CLASS   BANK6          

        CLASS   BANK7          

        CLASS   SFR            

        CLASS   BIGSFR         

        CLASS   CONFIG         
                config                           300000   300000        E         4

        CLASS   IDLOC          

        CLASS   EEDATA         

        CLASS   FARRAM         

        CLASS   HEAP           

        CLASS   STACK          



SEGMENTS        Name                           Load    Length   Top    Selector   Space  Class

                reset_vec                      000000  000008  000008         0       0  CODE    
                cstackCOMRAM                   000001  00003C  00003D         1       1  COMRAM  
                smallconst                     000800  00007A  00087A       400       0  SMALLCON
                text0                          00087A  000736  000FB0       43D       0  CODE    


UNUSED ADDRESS RANGES

        Name                Unused          Largest block    Delta
        BANK0            000060-0000FF               A0
        BANK1            000100-0001FF              100
        BANK2            000200-0002FF              100
        BANK3            000300-0003FF              100
        BANK4            000400-0004FF              100
        BANK5            000500-0005FF              100
        BANK6            000600-0006FF              100
        BANK7            000700-0007FF              100
        BIGRAM           00003D-0007FF              7C3
        BIGSFR           000F60-000FFF               A0
        CODE             000008-0007FF              7F8
                         000FB0-007FFF             7050
        COMRAM           00003D-00005F               23
        CONST            000008-0007FF              7F8
                         000FB0-007FFF             7050
        EEDATA           F00000-F000FF              100
        IDLOC            200000-200007                8
        MEDIUMCONST      000FB0-007FFF             7050
        RAM              000060-0007FF              100
        SFR              000F60-000FFF               A0
        SMALLCONST       000FB0-007FFF              100

                                  Symbol Table

?___lldiv                 cstackCOMRAM 000001
?___llmod                 cstackCOMRAM 00000E
?_printf                  cstackCOMRAM 000017
_PORTB                    (abs)        000F81
_PORTBbits                (abs)        000F81
_PORTC                    (abs)        000F82
_PORTCbits                (abs)        000F82
_PORTD                    (abs)        000F83
_PORTDbits                (abs)        000F83
_TRISB                    (abs)        000F93
_TRISC                    (abs)        000F94
_TRISD                    (abs)        000F95
__HRAM                    (abs)        000000
__Habs1                   abs1         000000
__Hbank0                  bank0        000000
__Hbank1                  bank1        000000
__Hbank2                  bank2        000000
__Hbank3                  bank3        000000
__Hbank4                  bank4        000000
__Hbank5                  bank5        000000
__Hbank6                  bank6        000000
__Hbank7                  bank7        000000
__Hbigbss                 bigbss       000000
__Hbigdata                bigdata      000000
__Hbigram                 bigram       000000
__Hbigsfr                 bigsfr       000000
__Hbss                    bss          000000
__Hcinit                  cinit        000000
__Hclrtext                clrtext      000000
__Hcomram                 comram       000000
__Hconfig                 config       30000E
__Hconst                  const        000000
__HcstackCOMRAM           cstackCOMRAM 000000
__Hdata                   data         000000
__Heeprom_data            eeprom_data  000000
__Hfarbss                 farbss       000000
__Hfardata                fardata      000000
__Hheap                   heap         000000
__Hibigdata               ibigdata     000000
__Hidata                  idata        000000
__Hidloc                  idloc        000000
__Hifardata               ifardata     000000
__Hinit                   init         000008
__Hintcode                intcode      000004
__Hintcode_body           intcode_body 000000
__Hintcodelo              intcodelo    000004
__Hintentry               intentry     000000
__Hintret                 intret       000000
__Hintsave_regs           intsave_regs 000000
__Hirdata                 irdata       000000
__Hmediumconst            mediumconst  000000
__HnvFARRAM               nvFARRAM     000000
__Hnvbit                  nvbit        000000
__Hnvrram                 nvrram       000000
__Hparam                  rparam       000000
__Hpowerup                powerup      000004
__Hram                    ram          000000
__Hramtop                 ramtop       000800
__Hrbit                   rbit         000000
__Hrbss                   rbss         000000
__Hrdata                  rdata        000000
__Hreset_vec              reset_vec    000004
__Hrparam                 rparam       000000
__Hsfr                    sfr          000000
__Hsmallconst             smallconst   00087A
__Hspace_0                (abs)        000FB0
__Hspace_1                (abs)        00003D
__Hspace_2                (abs)        000000
__Hspace_4                (abs)        60000E
__Hstack                  stack        000000
__Hstruct                 struct       000000
__Htemp                   temp         000000
__Htext                   text         000000
__Htext0                  text0        000000
__Htext1                  text1        000000
__Htext10                 text10       000000
__Htext2                  text2        000000
__Htext3                  text3        000000
__Htext4                  text4        000000
__Htext5                  text5        000000
__Htext6                  text6        000000
__Htext7                  text7        000000
__Htext8                  text8        000000
__Htext9                  text9        000000
__LRAM                    (abs)        000001
__Labs1                   abs1         000000
__Lbank0                  bank0        000000
__Lbank1                  bank1        000000
__Lbank2                  bank2        000000
__Lbank3                  bank3        000000
__Lbank4                  bank4        000000
__Lbank5                  bank5        000000
__Lbank6                  bank6        000000
__Lbank7                  bank7        000000
__Lbigbss                 bigbss       000000
__Lbigdata                bigdata      000000
__Lbigram                 bigram       000000
__Lbigsfr                 bigsfr       000000
__Lbss                    bss          000000
__Lcinit                  cinit        000000
__Lclrtext                clrtext      000000
__Lcomram                 comram       000000
__Lconfig                 config       000000
__Lconst                  const        000000
__LcstackCOMRAM           cstackCOMRAM 000000
__Ldata                   data         000000
__Leeprom_data            eeprom_data  000000
__Lfarbss                 farbss       000000
__Lfardata                fardata      000000
__Lheap                   heap         000000
__Libigdata               ibigdata     000000
__Lidata                  idata        000000
__Lidloc                  idloc        000000
__Lifardata               ifardata     000000
__Linit                   init         000004
__Lintcode                intcode      000004
__Lintcode_body           intcode_body 000000
__Lintcodelo              intcodelo    000004
__Lintentry               intentry     000000
__Lintret                 intret       000000
__Lintsave_regs           intsave_regs 000000
__Lirdata                 irdata       000000
__Lmediumconst            mediumconst  000000
__LnvFARRAM               nvFARRAM     000000
__Lnvbit                  nvbit        000000
__Lnvrram                 nvrram       000000
__Lparam                  rparam       000000
__Lpowerup                powerup      000004
__Lram                    ram          000000
__Lramtop                 ramtop       000800
__Lrbit                   rbit         000000
__Lrbss                   rbss         000000
__Lrdata                  rdata        000000
__Lreset_vec              reset_vec    000000
__Lrparam                 rparam       000000
__Lsfr                    sfr          000000
__Lsmallconst             smallconst   000800
__Lspace_0                (abs)        000000
__Lspace_1                (abs)        000000
__Lspace_2                (abs)        000000
__Lspace_4                (abs)        000000
__Lstack                  stack        000000
__Lstruct                 struct       000000
__Ltemp                   temp         000000
__Ltext                   text         000000
__Ltext0                  text0        000000
__Ltext1                  text1        000000
__Ltext10                 text10       000000
__Ltext2                  text2        000000
__Ltext3                  text3        000000
__Ltext4                  text4        000000
__Ltext5                  text5        000000
__Ltext6                  text6        000000
__Ltext7                  text7        000000
__Ltext8                  text8        000000
__Ltext9                  text9        000000
__S0                      (abs)        000FB0
__S1                      (abs)        00003D
__S4                      (abs)        000000
__S5                      (abs)        000000
___heap_hi                (abs)        000000
___heap_lo                (abs)        000000
___inthi_sp               stack        000000
___intlo_sp               stack        000000
___lldiv                  text5        000CD8
___lldiv@counter          cstackCOMRAM 00000D
___lldiv@dividend         cstackCOMRAM 000001
___lldiv@divisor          cstackCOMRAM 000005
___lldiv@quotient         cstackCOMRAM 000009
___llmod                  text4        000D7C
___llmod@counter          cstackCOMRAM 000016
___llmod@dividend         cstackCOMRAM 00000E
___llmod@divisor          cstackCOMRAM 000012
___param_bank             (abs)        000000
___rparam_used            (abs)        000001
___sp                     stack        000000
__accesstop               (abs)        000060
__activetblptr            (abs)        000002
__end_of___lldiv          text5        000D7C
__end_of___llmod          text4        000E04
__end_of__initialization  cinit        000F9C
__end_of_caracter_inicio  text8        000F50
__end_of_dpowers          smallconst   000829
__end_of_envia_byte_lcd   text9        000F74
__end_of_envia_nibble_lcd text10       000E8C
__end_of_escreve_lcd      text3        000F9C
__end_of_inicializa_lcd   text7        000F0E
__end_of_limpa_lcd        text6        000F8E
__end_of_main             text0        000AB2
__end_of_printf           text1        000CD8
__end_of_putch            text2        000FB0
__initialization          cinit        000F9C
__mediumconst             mediumconst  000000
__pcinit                  cinit        000F9C
__pcstackCOMRAM           cstackCOMRAM 000001
__psmallconst             smallconst   000800
__ptext0                  text0        00087A
__ptext1                  text1        000AB2
__ptext10                 text10       000E04
__ptext2                  text2        000FA6
__ptext3                  text3        000F8E
__ptext4                  text4        000D7C
__ptext5                  text5        000CD8
__ptext6                  text6        000F74
__ptext7                  text7        000E8C
__ptext8                  text8        000F0E
__ptext9                  text9        000F50
__ramtop                  ramtop       000800
__smallconst              smallconst   000800
_caracter_inicio          text8        000F0E
_dpowers                  smallconst   000801
_envia_byte_lcd           text9        000F50
_envia_nibble_lcd         text10       000E04
_escreve_lcd              text3        000F8E
_inicializa_lcd           text7        000E8C
_limpa_lcd                text6        000F74
_main                     text0        00087A
_printf                   text1        000AB2
_putch                    text2        000FA6
caracter_inicio@coluna    cstackCOMRAM 000005
caracter_inicio@linha     cstackCOMRAM 000006
caracter_inicio@posicao   cstackCOMRAM 000007
end_of_initialization     cinit        000F9C
envia_byte_lcd@dado       cstackCOMRAM 000003
envia_byte_lcd@endereco   cstackCOMRAM 000004
envia_nibble_lcd@dado     cstackCOMRAM 000002
escreve_lcd@c             cstackCOMRAM 000005
intlevel0                 text         000000
intlevel1                 text         000000
intlevel2                 text         000000
intlevel3                 text         000000
isa$std                   (abs)        000001
isa$xinst                 (abs)        000000
main@counter              cstackCOMRAM 000039
main@pressedJ1            cstackCOMRAM 000033
main@pressedJ2            cstackCOMRAM 000035
main@start_reset          cstackCOMRAM 000037
main@timeJ1               cstackCOMRAM 00002B
main@timeJ2               cstackCOMRAM 00002F
printf@ap                 cstackCOMRAM 000021
printf@c                  cstackCOMRAM 000028
printf@f                  cstackCOMRAM 000017
printf@flag               cstackCOMRAM 000023
printf@prec               cstackCOMRAM 00001F
printf@val                cstackCOMRAM 000024
putch@data                cstackCOMRAM 000006
stackhi                   (abs)        000000
stacklo                   (abs)        000000
start                     init         000004
start_initialization      cinit        000F9C


MODULE INFORMATION

Module		Function		Class		Link	Load	Size
P:\Microchip\pic\sources\c90\common\doprnt.c
		_printf        		CODE           	0AB2	0000	550

P:\Microchip\pic\sources\c90\common\doprnt.c estimated size: 550

P:\Microchip\pic\sources\c90\common\__lldiv.c
		___lldiv       		CODE           	0CD8	0000	164

P:\Microchip\pic\sources\c90\common\__lldiv.c estimated size: 164

shared
		_dpowers       		SMALLCONST     	0801	0000	40
		__initialization		CODE           	0F9C	0000	1

shared estimated size: 41

P:\Microchip\pic\sources\c90\common\llmod.c
		___llmod       		CODE           	0D7C	0000	136

P:\Microchip\pic\sources\c90\common\llmod.c estimated size: 136

lcd.c
		_escreve_lcd   		CODE           	0F8E	0000	14
		_caracter_inicio		CODE           	0F0E	0000	66
		_limpa_lcd     		CODE           	0F74	0000	26
		_inicializa_lcd		CODE           	0E8C	0000	130
		_envia_byte_lcd		CODE           	0F50	0000	36
		_envia_nibble_lcd		CODE           	0E04	0000	136

lcd.c estimated size: 408

main.c
		_putch         		CODE           	0FA6	0000	10
		_main          		CODE           	087A	0000	568

main.c estimated size: 578

